// Jest Snapshot v1, https://goo.gl/fbAQLP

exports[`Spinner Component should render snapshot correctly 1`] = `
<div
  className="lds-roller"
>
  <div />
  <div />
  <div />
  <div />
  <div />
  <div />
  <div />
  <div />
</div>
`;
